[2026-05-20 05-19] [background-preinit] [INFO ] [Version] - [HV000001: Hibernate Validator 8.0.1.Final]
[2026-05-20 05-19] [restartedMain] [INFO ] [PlanApplication] - [Starting PlanApplication using Java 21.0.10 with PID 153992 (/home/kv3rk/full_projects/DailyPlan/target/classes started by kv3rk in /home/kv3rk/full_projects/DailyPlan)]
[2026-05-20 05-19] [restartedMain] [INFO ] [PlanApplication] - [The following 1 profile is active: "prod"]
[2026-05-20 05-19] [restartedMain] [INFO ] [DevToolsPropertyDefaultsPostProcessor] - [Devtools property defaults active! Set 'spring.devtools.add-properties' to 'false' to disable]
[2026-05-20 05-19] [restartedMain] [INFO ] [DevToolsPropertyDefaultsPostProcessor] - [For additional web related logging consider setting the 'logging.level.web' property to 'DEBUG']
[2026-05-20 05-19] [restartedMain] [INFO ] [RepositoryConfigurationDelegate] - [Bootstrapping Spring Data JPA repositories in DEFAULT mode.]
[2026-05-20 05-19] [restartedMain] [INFO ] [RepositoryConfigurationDelegate] - [Finished Spring Data repository scanning in 52 ms. Found 2 JPA repository interfaces.]
[2026-05-20 05-19] [restartedMain] [INFO ] [TomcatWebServer] - [Tomcat initialized with port 8080 (http)]
[2026-05-20 05-19] [restartedMain] [INFO ] [Http11NioProtocol] - [Initializing ProtocolHandler ["http-nio-8080"]]
[2026-05-20 05-19] [restartedMain] [INFO ] [StandardService] - [Starting service [Tomcat]]
[2026-05-20 05-19] [restartedMain] [INFO ] [StandardEngine] - [Starting Servlet engine: [Apache Tomcat/10.1.26]]
[2026-05-20 05-19] [restartedMain] [INFO ] [[/]] - [Initializing Spring embedded WebApplicationContext]
[2026-05-20 05-19] [restartedMain] [INFO ] [ServletWebServerApplicationContext] - [Root WebApplicationContext: initialization completed in 1810 ms]
[2026-05-20 05-19] [restartedMain] [INFO ] [HikariDataSource] - [HikariPool-1 - Starting...]
[2026-05-20 05-19] [restartedMain] [INFO ] [HikariPool] - [HikariPool-1 - Added connection org.postgresql.jdbc.PgConnection@57d178c0]
[2026-05-20 05-19] [restartedMain] [INFO ] [HikariDataSource] - [HikariPool-1 - Start completed.]
[2026-05-20 05-19] [restartedMain] [INFO ] [H2ConsoleAutoConfiguration] - [H2 console available at '/h2-console'. Database available at 'jdbc:postgresql://localhost:5432/daily_plan_project']
[2026-05-20 05-19] [restartedMain] [INFO ] [LogHelper] - [HHH000204: Processing PersistenceUnitInfo [name: default]]
[2026-05-20 05-19] [restartedMain] [INFO ] [Version] - [HHH000412: Hibernate ORM core version 6.5.2.Final]
[2026-05-20 05-19] [restartedMain] [INFO ] [RegionFactoryInitiator] - [HHH000026: Second-level cache disabled]
[2026-05-20 05-19] [restartedMain] [INFO ] [SpringPersistenceUnitInfo] - [No LoadTimeWeaver setup: ignoring JPA class transformer]
[2026-05-20 05-19] [restartedMain] [INFO ] [JtaPlatformInitiator] - [HHH000489: No JTA platform available (set 'hibernate.transaction.jta.platform' to enable JTA platform integration)]
[2026-05-20 05-19] [restartedMain] [INFO ] [LocalContainerEntityManagerFactoryBean] - [Initialized JPA EntityManagerFactory for persistence unit 'default']
[2026-05-20 05-19] [restartedMain] [WARN ] [JpaBaseConfiguration$JpaWebConfiguration] - [spring.jpa.open-in-view is enabled by default. Therefore, database queries may be performed during view rendering. Explicitly configure spring.jpa.open-in-view to disable this warning]
[2026-05-20 05-19] [restartedMain] [INFO ] [InitializeUserDetailsBeanManagerConfigurer$InitializeUserDetailsManagerConfigurer] - [Global AuthenticationManager configured with UserDetailsService bean with name userDetailsService]
[2026-05-20 05-19] [restartedMain] [INFO ] [EndpointLinksResolver] - [Exposing 3 endpoints beneath base path '/actuator']
[2026-05-20 05-19] [restartedMain] [INFO ] [OptionalLiveReloadServer] - [LiveReload server is running on port 35729]
[2026-05-20 05-19] [restartedMain] [INFO ] [Http11NioProtocol] - [Starting ProtocolHandler ["http-nio-8080"]]
[2026-05-20 05-19] [restartedMain] [INFO ] [TomcatWebServer] - [Tomcat started on port 8080 (http) with context path '/']
[2026-05-20 05-19] [restartedMain] [INFO ] [PlanApplication] - [Started PlanApplication in 5.299 seconds (process running for 5.725)]
[2026-05-20 05-20] [http-nio-8080-exec-1] [INFO ] [[/]] - [Initializing Spring DispatcherServlet 'dispatcherServlet']
[2026-05-20 05-20] [http-nio-8080-exec-1] [INFO ] [DispatcherServlet] - [Initializing Servlet 'dispatcherServlet']
[2026-05-20 05-20] [http-nio-8080-exec-1] [INFO ] [DispatcherServlet] - [Completed initialization in 1 ms]
[2026-05-20 05-21] [SpringApplicationShutdownHook] [INFO ] [LocalContainerEntityManagerFactoryBean] - [Closing JPA EntityManagerFactory for persistence unit 'default']
[2026-05-20 05-21] [SpringApplicationShutdownHook] [INFO ] [HikariDataSource] - [HikariPool-1 - Shutdown initiated...]
[2026-05-20 05-21] [SpringApplicationShutdownHook] [INFO ] [HikariDataSource] - [HikariPool-1 - Shutdown completed.]
[2026-05-20 05-43] [background-preinit] [INFO ] [Version] - [HV000001: Hibernate Validator 8.0.1.Final]
[2026-05-20 05-43] [restartedMain] [INFO ] [PlanApplication] - [Starting PlanApplication using Java 21.0.10 with PID 158189 (/home/kv3rk/full_projects/DailyPlan/target/classes started by kv3rk in /home/kv3rk/full_projects/DailyPlan)]
[2026-05-20 05-43] [restartedMain] [INFO ] [PlanApplication] - [The following 1 profile is active: "prod"]
[2026-05-20 05-43] [restartedMain] [INFO ] [DevToolsPropertyDefaultsPostProcessor] - [Devtools property defaults active! Set 'spring.devtools.add-properties' to 'false' to disable]
[2026-05-20 05-43] [restartedMain] [INFO ] [DevToolsPropertyDefaultsPostProcessor] - [For additional web related logging consider setting the 'logging.level.web' property to 'DEBUG']
[2026-05-20 05-43] [restartedMain] [INFO ] [RepositoryConfigurationDelegate] - [Bootstrapping Spring Data JPA repositories in DEFAULT mode.]
[2026-05-20 05-43] [restartedMain] [INFO ] [RepositoryConfigurationDelegate] - [Finished Spring Data repository scanning in 33 ms. Found 2 JPA repository interfaces.]
[2026-05-20 05-43] [restartedMain] [INFO ] [TomcatWebServer] - [Tomcat initialized with port 8080 (http)]
[2026-05-20 05-43] [restartedMain] [INFO ] [Http11NioProtocol] - [Initializing ProtocolHandler ["http-nio-8080"]]
[2026-05-20 05-43] [restartedMain] [INFO ] [StandardService] - [Starting service [Tomcat]]
[2026-05-20 05-43] [restartedMain] [INFO ] [StandardEngine] - [Starting Servlet engine: [Apache Tomcat/10.1.26]]
[2026-05-20 05-43] [restartedMain] [INFO ] [[/]] - [Initializing Spring embedded WebApplicationContext]
[2026-05-20 05-43] [restartedMain] [INFO ] [ServletWebServerApplicationContext] - [Root WebApplicationContext: initialization completed in 1641 ms]
[2026-05-20 05-43] [restartedMain] [INFO ] [HikariDataSource] - [HikariPool-1 - Starting...]
[2026-05-20 05-43] [restartedMain] [INFO ] [HikariPool] - [HikariPool-1 - Added connection org.postgresql.jdbc.PgConnection@3c29fd31]
[2026-05-20 05-43] [restartedMain] [INFO ] [HikariDataSource] - [HikariPool-1 - Start completed.]
[2026-05-20 05-43] [restartedMain] [INFO ] [H2ConsoleAutoConfiguration] - [H2 console available at '/h2-console'. Database available at 'jdbc:postgresql://localhost:5432/daily_plan_project']
[2026-05-20 05-43] [restartedMain] [INFO ] [LogHelper] - [HHH000204: Processing PersistenceUnitInfo [name: default]]
[2026-05-20 05-43] [restartedMain] [INFO ] [Version] - [HHH000412: Hibernate ORM core version 6.5.2.Final]
[2026-05-20 05-43] [restartedMain] [INFO ] [RegionFactoryInitiator] - [HHH000026: Second-level cache disabled]
[2026-05-20 05-43] [restartedMain] [INFO ] [SpringPersistenceUnitInfo] - [No LoadTimeWeaver setup: ignoring JPA class transformer]
[2026-05-20 05-43] [restartedMain] [INFO ] [JtaPlatformInitiator] - [HHH000489: No JTA platform available (set 'hibernate.transaction.jta.platform' to enable JTA platform integration)]
[2026-05-20 05-43] [restartedMain] [INFO ] [LocalContainerEntityManagerFactoryBean] - [Initialized JPA EntityManagerFactory for persistence unit 'default']
[2026-05-20 05-43] [restartedMain] [WARN ] [JpaBaseConfiguration$JpaWebConfiguration] - [spring.jpa.open-in-view is enabled by default. Therefore, database queries may be performed during view rendering. Explicitly configure spring.jpa.open-in-view to disable this warning]
[2026-05-20 05-43] [restartedMain] [INFO ] [InitializeUserDetailsBeanManagerConfigurer$InitializeUserDetailsManagerConfigurer] - [Global AuthenticationManager configured with UserDetailsService bean with name userDetailsService]
[2026-05-20 05-43] [restartedMain] [INFO ] [EndpointLinksResolver] - [Exposing 3 endpoints beneath base path '/actuator']
[2026-05-20 05-43] [restartedMain] [INFO ] [OptionalLiveReloadServer] - [LiveReload server is running on port 35729]
[2026-05-20 05-43] [restartedMain] [INFO ] [Http11NioProtocol] - [Starting ProtocolHandler ["http-nio-8080"]]
[2026-05-20 05-43] [restartedMain] [INFO ] [TomcatWebServer] - [Tomcat started on port 8080 (http) with context path '/']
[2026-05-20 05-43] [restartedMain] [INFO ] [PlanApplication] - [Started PlanApplication in 5.363 seconds (process running for 5.838)]
[2026-05-20 05-43] [http-nio-8080-exec-1] [INFO ] [[/]] - [Initializing Spring DispatcherServlet 'dispatcherServlet']
[2026-05-20 05-43] [http-nio-8080-exec-1] [INFO ] [DispatcherServlet] - [Initializing Servlet 'dispatcherServlet']
[2026-05-20 05-43] [http-nio-8080-exec-1] [INFO ] [DispatcherServlet] - [Completed initialization in 1 ms]
[2026-05-20 05-43] [http-nio-8080-exec-8] [INFO ] [DailyPlanController] - [Entered endpoint [daily/main]]
[2026-05-20 05-43] [http-nio-8080-exec-8] [DEBUG] [SQL] - [select ge1_0.id,ge1_0.done_flag,ge1_0.goal_date,ge1_0.goal_text from daily_goals ge1_0 where ge1_0.done_flag=?]
[2026-05-20 05-43] [http-nio-8080-exec-8] [TRACE] [bind] - [binding parameter (1:BOOLEAN) <- [false]]
[2026-05-20 05-43] [http-nio-8080-exec-8] [INFO ] [DailyPlanService] - [Return list of ACTIVE goals in size [0]]
[2026-05-20 05-43] [http-nio-8080-exec-8] [DEBUG] [SQL] - [select ge1_0.id,ge1_0.done_flag,ge1_0.goal_date,ge1_0.goal_text from daily_goals ge1_0 where ge1_0.done_flag=?]
[2026-05-20 05-43] [http-nio-8080-exec-8] [TRACE] [bind] - [binding parameter (1:BOOLEAN) <- [true]]
[2026-05-20 05-43] [http-nio-8080-exec-8] [INFO ] [DailyPlanService] - [Return list of ACCOMPLISHED goals in size [0]]
[2026-05-20 05-44] [http-nio-8080-exec-7] [DEBUG] [SQL] - [select ge1_0.id,ge1_0.done_flag,ge1_0.goal_date,ge1_0.goal_text from daily_goals ge1_0 where ge1_0.done_flag=?]
[2026-05-20 05-44] [http-nio-8080-exec-7] [TRACE] [bind] - [binding parameter (1:BOOLEAN) <- [false]]
[2026-05-20 05-44] [http-nio-8080-exec-7] [INFO ] [DailyPlanService] - [Return list of ACTIVE goals in size [0]]
[2026-05-20 05-44] [http-nio-8080-exec-8] [DEBUG] [SQL] - [select ge1_0.id,ge1_0.done_flag,ge1_0.goal_date,ge1_0.goal_text from daily_goals ge1_0 where ge1_0.done_flag=?]
[2026-05-20 05-44] [http-nio-8080-exec-8] [TRACE] [bind] - [binding parameter (1:BOOLEAN) <- [true]]
[2026-05-20 05-44] [http-nio-8080-exec-8] [INFO ] [DailyPlanService] - [Return list of ACCOMPLISHED goals in size [0]]
[2026-05-20 05-44] [SpringApplicationShutdownHook] [INFO ] [LocalContainerEntityManagerFactoryBean] - [Closing JPA EntityManagerFactory for persistence unit 'default']
[2026-05-20 05-44] [SpringApplicationShutdownHook] [INFO ] [HikariDataSource] - [HikariPool-1 - Shutdown initiated...]
[2026-05-20 05-44] [SpringApplicationShutdownHook] [INFO ] [HikariDataSource] - [HikariPool-1 - Shutdown completed.]
[2026-05-20 05-47] [background-preinit] [INFO ] [Version] - [HV000001: Hibernate Validator 8.0.1.Final]
[2026-05-20 05-47] [restartedMain] [INFO ] [PlanApplication] - [Starting PlanApplication using Java 21.0.10 with PID 159260 (/home/kv3rk/full_projects/DailyPlan/target/classes started by kv3rk in /home/kv3rk/full_projects/DailyPlan)]
[2026-05-20 05-47] [restartedMain] [INFO ] [PlanApplication] - [The following 1 profile is active: "prod"]
[2026-05-20 05-47] [restartedMain] [INFO ] [DevToolsPropertyDefaultsPostProcessor] - [Devtools property defaults active! Set 'spring.devtools.add-properties' to 'false' to disable]
[2026-05-20 05-47] [restartedMain] [INFO ] [DevToolsPropertyDefaultsPostProcessor] - [For additional web related logging consider setting the 'logging.level.web' property to 'DEBUG']
[2026-05-20 05-47] [restartedMain] [INFO ] [RepositoryConfigurationDelegate] - [Bootstrapping Spring Data JPA repositories in DEFAULT mode.]
[2026-05-20 05-47] [restartedMain] [INFO ] [RepositoryConfigurationDelegate] - [Finished Spring Data repository scanning in 37 ms. Found 2 JPA repository interfaces.]
[2026-05-20 05-48] [restartedMain] [INFO ] [TomcatWebServer] - [Tomcat initialized with port 8080 (http)]
[2026-05-20 05-48] [restartedMain] [INFO ] [Http11NioProtocol] - [Initializing ProtocolHandler ["http-nio-8080"]]
[2026-05-20 05-48] [restartedMain] [INFO ] [StandardService] - [Starting service [Tomcat]]
[2026-05-20 05-48] [restartedMain] [INFO ] [StandardEngine] - [Starting Servlet engine: [Apache Tomcat/10.1.26]]
[2026-05-20 05-48] [restartedMain] [INFO ] [[/]] - [Initializing Spring embedded WebApplicationContext]
[2026-05-20 05-48] [restartedMain] [INFO ] [ServletWebServerApplicationContext] - [Root WebApplicationContext: initialization completed in 1752 ms]
[2026-05-20 05-48] [restartedMain] [INFO ] [HikariDataSource] - [HikariPool-1 - Starting...]
[2026-05-20 05-48] [restartedMain] [INFO ] [HikariPool] - [HikariPool-1 - Added connection org.postgresql.jdbc.PgConnection@5e535c1c]
[2026-05-20 05-48] [restartedMain] [INFO ] [HikariDataSource] - [HikariPool-1 - Start completed.]
[2026-05-20 05-48] [restartedMain] [INFO ] [H2ConsoleAutoConfiguration] - [H2 console available at '/h2-console'. Database available at 'jdbc:postgresql://localhost:5432/daily_plan_project']
[2026-05-20 05-48] [restartedMain] [INFO ] [LogHelper] - [HHH000204: Processing PersistenceUnitInfo [name: default]]
[2026-05-20 05-48] [restartedMain] [INFO ] [Version] - [HHH000412: Hibernate ORM core version 6.5.2.Final]
[2026-05-20 05-48] [restartedMain] [INFO ] [RegionFactoryInitiator] - [HHH000026: Second-level cache disabled]
[2026-05-20 05-48] [restartedMain] [INFO ] [SpringPersistenceUnitInfo] - [No LoadTimeWeaver setup: ignoring JPA class transformer]
[2026-05-20 05-48] [restartedMain] [INFO ] [JtaPlatformInitiator] - [HHH000489: No JTA platform available (set 'hibernate.transaction.jta.platform' to enable JTA platform integration)]
[2026-05-20 05-48] [restartedMain] [INFO ] [LocalContainerEntityManagerFactoryBean] - [Initialized JPA EntityManagerFactory for persistence unit 'default']
[2026-05-20 05-48] [restartedMain] [WARN ] [JpaBaseConfiguration$JpaWebConfiguration] - [spring.jpa.open-in-view is enabled by default. Therefore, database queries may be performed during view rendering. Explicitly configure spring.jpa.open-in-view to disable this warning]
[2026-05-20 05-48] [restartedMain] [INFO ] [InitializeUserDetailsBeanManagerConfigurer$InitializeUserDetailsManagerConfigurer] - [Global AuthenticationManager configured with UserDetailsService bean with name userDetailsService]
[2026-05-20 05-48] [restartedMain] [INFO ] [EndpointLinksResolver] - [Exposing 3 endpoints beneath base path '/actuator']
[2026-05-20 05-48] [restartedMain] [INFO ] [OptionalLiveReloadServer] - [LiveReload server is running on port 35729]
[2026-05-20 05-48] [restartedMain] [INFO ] [Http11NioProtocol] - [Starting ProtocolHandler ["http-nio-8080"]]
[2026-05-20 05-48] [restartedMain] [INFO ] [TomcatWebServer] - [Tomcat started on port 8080 (http) with context path '/']
[2026-05-20 05-48] [restartedMain] [INFO ] [PlanApplication] - [Started PlanApplication in 5.786 seconds (process running for 6.138)]
[2026-05-20 05-48] [http-nio-8080-exec-1] [INFO ] [[/]] - [Initializing Spring DispatcherServlet 'dispatcherServlet']
[2026-05-20 05-48] [http-nio-8080-exec-1] [INFO ] [DispatcherServlet] - [Initializing Servlet 'dispatcherServlet']
[2026-05-20 05-48] [http-nio-8080-exec-1] [INFO ] [DispatcherServlet] - [Completed initialization in 1 ms]
[2026-05-20 05-48] [http-nio-8080-exec-1] [INFO ] [DailyPlanController] - [Entered endpoint [daily/main]]
[2026-05-20 05-48] [http-nio-8080-exec-1] [DEBUG] [SQL] - [select ge1_0.id,ge1_0.done_flag,ge1_0.goal_date,ge1_0.goal_text from daily_goals ge1_0 where ge1_0.done_flag=?]
[2026-05-20 05-48] [http-nio-8080-exec-1] [TRACE] [bind] - [binding parameter (1:BOOLEAN) <- [false]]
[2026-05-20 05-48] [http-nio-8080-exec-1] [INFO ] [DailyPlanService] - [Return list of ACTIVE goals in size [0]]
[2026-05-20 05-48] [http-nio-8080-exec-1] [DEBUG] [SQL] - [select ge1_0.id,ge1_0.done_flag,ge1_0.goal_date,ge1_0.goal_text from daily_goals ge1_0 where ge1_0.done_flag=?]
[2026-05-20 05-48] [http-nio-8080-exec-1] [TRACE] [bind] - [binding parameter (1:BOOLEAN) <- [true]]
[2026-05-20 05-48] [http-nio-8080-exec-1] [INFO ] [DailyPlanService] - [Return list of ACCOMPLISHED goals in size [0]]
[2026-05-20 05-48] [http-nio-8080-exec-9] [INFO ] [DailyPlanController] - [Entered endpoint [daily/save]]
[2026-05-20 05-48] [http-nio-8080-exec-9] [INFO ] [DailyPlanService] - [Saved entity in DB with text [fuck myself everyday]]
[2026-05-20 05-48] [http-nio-8080-exec-9] [INFO ] [DailyPlanService] - [Return full DTO in refresh case: [ff33a1f9-1ce1-489c-9f84-1023b058b4b0], [fuck myself everyday], [false]]
[2026-05-20 05-48] [http-nio-8080-exec-9] [DEBUG] [SQL] - [insert into daily_goals (done_flag,goal_date,goal_text,id) values (?,?,?,?)]
[2026-05-20 05-48] [http-nio-8080-exec-9] [TRACE] [bind] - [binding parameter (1:BOOLEAN) <- [false]]
[2026-05-20 05-48] [http-nio-8080-exec-9] [TRACE] [bind] - [binding parameter (2:DATE) <- [2026-05-20]]
[2026-05-20 05-48] [http-nio-8080-exec-9] [TRACE] [bind] - [binding parameter (3:VARCHAR) <- [fuck myself everyday]]
[2026-05-20 05-48] [http-nio-8080-exec-9] [TRACE] [bind] - [binding parameter (4:UUID) <- [ff33a1f9-1ce1-489c-9f84-1023b058b4b0]]
[2026-05-20 05-48] [http-nio-8080-exec-10] [INFO ] [DailyPlanController] - [Entered endpoint [daily/toggle]]
[2026-05-20 05-48] [http-nio-8080-exec-10] [DEBUG] [SQL] - [select ge1_0.id,ge1_0.done_flag,ge1_0.goal_date,ge1_0.goal_text from daily_goals ge1_0 where ge1_0.id=?]
[2026-05-20 05-48] [http-nio-8080-exec-10] [TRACE] [bind] - [binding parameter (1:UUID) <- [ff33a1f9-1ce1-489c-9f84-1023b058b4b0]]
[2026-05-20 05-48] [http-nio-8080-exec-10] [INFO ] [DailyPlanService] - [Updated goal [ff33a1f9-1ce1-489c-9f84-1023b058b4b0] with text [fuck myself everyday] to flag [null]]
[2026-05-20 05-48] [http-nio-8080-exec-10] [DEBUG] [SQL] - [update daily_goals set done_flag=?,goal_date=?,goal_text=? where id=?]
[2026-05-20 05-48] [http-nio-8080-exec-10] [TRACE] [bind] - [binding parameter (1:BOOLEAN) <- [null]]
[2026-05-20 05-48] [http-nio-8080-exec-10] [TRACE] [bind] - [binding parameter (2:DATE) <- [2026-05-20]]
[2026-05-20 05-48] [http-nio-8080-exec-10] [TRACE] [bind] - [binding parameter (3:VARCHAR) <- [fuck myself everyday]]
[2026-05-20 05-48] [http-nio-8080-exec-10] [TRACE] [bind] - [binding parameter (4:UUID) <- [ff33a1f9-1ce1-489c-9f84-1023b058b4b0]]
[2026-05-20 05-48] [http-nio-8080-exec-10] [INFO ] [DailyPlanService] - [Flushed data in DB after update]
[2026-05-20 05-48] [http-nio-8080-exec-10] [INFO ] [DailyPlanService] - [Return full DTO [ff33a1f9-1ce1-489c-9f84-1023b058b4b0] with text [fuck myself everyday], flag [null]]
[2026-05-20 05-48] [http-nio-8080-exec-1] [INFO ] [TimerController] - [Entered endpoint ["daily/save/timer/activity"]]
[2026-05-20 05-48] [http-nio-8080-exec-1] [INFO ] [TimerService] - [Saved TimerEntity with values [backend], [        ], [1]]
[2026-05-20 05-48] [http-nio-8080-exec-1] [DEBUG] [SQL] - [insert into timer_activity (activity_date,activity_type,comment,time,id) values (?,?,?,?,?)]
[2026-05-20 05-48] [http-nio-8080-exec-1] [TRACE] [bind] - [binding parameter (1:DATE) <- [2026-05-20]]
[2026-05-20 05-48] [http-nio-8080-exec-1] [TRACE] [bind] - [binding parameter (2:VARCHAR) <- [backend]]
[2026-05-20 05-48] [http-nio-8080-exec-1] [TRACE] [bind] - [binding parameter (3:VARCHAR) <- [        ]]
[2026-05-20 05-48] [http-nio-8080-exec-1] [TRACE] [bind] - [binding parameter (4:TINYINT) <- [1]]
[2026-05-20 05-48] [http-nio-8080-exec-1] [TRACE] [bind] - [binding parameter (5:UUID) <- [33c6a4d9-9634-4cb5-bedb-0f5a82626c4d]]
[2026-05-20 05-48] [http-nio-8080-exec-3] [WARN ] [ExceptionHandlerExceptionResolver] - [Resolved [org.springframework.web.bind.MethodArgumentNotValidException: Validation failed for argument [0] in public com.daily.plan.DailyPlan.DTO.GoalDTO com.daily.plan.DailyPlan.Controller.DailyPlanController.save(com.daily.plan.DailyPlan.DTO.GoalDTO): [Field error in object 'goalDTO' on field 'goalText': rejected value []; codes [NotBlank.goalDTO.goalText,NotBlank.goalText,NotBlank.java.lang.String,NotBlank]; arguments [org.springframework.context.support.DefaultMessageSourceResolvable: codes [goalDTO.goalText,goalText]; arguments []; default message [goalText]]; default message [Goal cannot be blank]] ]]
[2026-05-20 05-48] [http-nio-8080-exec-6] [WARN ] [ExceptionHandlerExceptionResolver] - [Resolved [org.springframework.web.servlet.resource.NoResourceFoundException: No static resource daily/main.%D1%8B.]]
[2026-05-20 05-48] [http-nio-8080-exec-7] [INFO ] [DailyPlanController] - [Entered endpoint [daily/error]]
[2026-05-20 05-48] [http-nio-8080-exec-5] [INFO ] [DailyPlanController] - [Entered endpoint [daily/main]]
[2026-05-20 05-48] [http-nio-8080-exec-5] [DEBUG] [SQL] - [select ge1_0.id,ge1_0.done_flag,ge1_0.goal_date,ge1_0.goal_text from daily_goals ge1_0 where ge1_0.done_flag=?]
[2026-05-20 05-48] [http-nio-8080-exec-5] [TRACE] [bind] - [binding parameter (1:BOOLEAN) <- [false]]
[2026-05-20 05-48] [http-nio-8080-exec-5] [INFO ] [DailyPlanService] - [Return list of ACTIVE goals in size [0]]
[2026-05-20 05-48] [http-nio-8080-exec-5] [DEBUG] [SQL] - [select ge1_0.id,ge1_0.done_flag,ge1_0.goal_date,ge1_0.goal_text from daily_goals ge1_0 where ge1_0.done_flag=?]
[2026-05-20 05-48] [http-nio-8080-exec-5] [TRACE] [bind] - [binding parameter (1:BOOLEAN) <- [true]]
[2026-05-20 05-48] [http-nio-8080-exec-5] [INFO ] [DailyPlanService] - [Return list of ACCOMPLISHED goals in size [0]]
[2026-05-20 05-48] [http-nio-8080-exec-6] [INFO ] [DailyPlanController] - [Entered endpoint [daily/save]]
[2026-05-20 05-48] [http-nio-8080-exec-6] [INFO ] [DailyPlanService] - [Saved entity in DB with text [fuck myself everyday]]
[2026-05-20 05-48] [http-nio-8080-exec-6] [INFO ] [DailyPlanService] - [Return full DTO in refresh case: [ec1a3cdc-217e-4120-9138-d5057641ecff], [fuck myself everyday], [false]]
[2026-05-20 05-48] [http-nio-8080-exec-6] [DEBUG] [SQL] - [insert into daily_goals (done_flag,goal_date,goal_text,id) values (?,?,?,?)]
[2026-05-20 05-48] [http-nio-8080-exec-6] [TRACE] [bind] - [binding parameter (1:BOOLEAN) <- [false]]
[2026-05-20 05-48] [http-nio-8080-exec-6] [TRACE] [bind] - [binding parameter (2:DATE) <- [2026-05-20]]
[2026-05-20 05-48] [http-nio-8080-exec-6] [TRACE] [bind] - [binding parameter (3:VARCHAR) <- [fuck myself everyday]]
[2026-05-20 05-48] [http-nio-8080-exec-6] [TRACE] [bind] - [binding parameter (4:UUID) <- [ec1a3cdc-217e-4120-9138-d5057641ecff]]
[2026-05-20 05-48] [http-nio-8080-exec-7] [WARN ] [ExceptionHandlerExceptionResolver] - [Resolved [org.springframework.web.servlet.resource.NoResourceFoundException: No static resource daily/main.%D1%8B.]]
[2026-05-20 05-48] [http-nio-8080-exec-4] [INFO ] [DailyPlanController] - [Entered endpoint [daily/error]]
[2026-05-20 05-48] [http-nio-8080-exec-5] [INFO ] [DailyPlanController] - [Entered endpoint [daily/main]]
[2026-05-20 05-48] [http-nio-8080-exec-5] [DEBUG] [SQL] - [select ge1_0.id,ge1_0.done_flag,ge1_0.goal_date,ge1_0.goal_text from daily_goals ge1_0 where ge1_0.done_flag=?]
[2026-05-20 05-48] [http-nio-8080-exec-5] [TRACE] [bind] - [binding parameter (1:BOOLEAN) <- [false]]
[2026-05-20 05-48] [http-nio-8080-exec-5] [INFO ] [DailyPlanService] - [Return list of ACTIVE goals in size [1]]
[2026-05-20 05-48] [http-nio-8080-exec-5] [DEBUG] [SQL] - [select ge1_0.id,ge1_0.done_flag,ge1_0.goal_date,ge1_0.goal_text from daily_goals ge1_0 where ge1_0.done_flag=?]
[2026-05-20 05-48] [http-nio-8080-exec-5] [TRACE] [bind] - [binding parameter (1:BOOLEAN) <- [true]]
[2026-05-20 05-48] [http-nio-8080-exec-5] [INFO ] [DailyPlanService] - [Return list of ACCOMPLISHED goals in size [0]]
[2026-05-20 05-48] [http-nio-8080-exec-6] [INFO ] [DailyPlanController] - [Entered endpoint [daily/toggle]]
[2026-05-20 05-48] [http-nio-8080-exec-6] [DEBUG] [SQL] - [select ge1_0.id,ge1_0.done_flag,ge1_0.goal_date,ge1_0.goal_text from daily_goals ge1_0 where ge1_0.id=?]
[2026-05-20 05-48] [http-nio-8080-exec-6] [TRACE] [bind] - [binding parameter (1:UUID) <- [ec1a3cdc-217e-4120-9138-d5057641ecff]]
[2026-05-20 05-48] [http-nio-8080-exec-6] [INFO ] [DailyPlanService] - [Updated goal [ec1a3cdc-217e-4120-9138-d5057641ecff] with text [fuck myself everyday] to flag [null]]
[2026-05-20 05-48] [http-nio-8080-exec-6] [DEBUG] [SQL] - [update daily_goals set done_flag=?,goal_date=?,goal_text=? where id=?]
[2026-05-20 05-48] [http-nio-8080-exec-6] [TRACE] [bind] - [binding parameter (1:BOOLEAN) <- [null]]
[2026-05-20 05-48] [http-nio-8080-exec-6] [TRACE] [bind] - [binding parameter (2:DATE) <- [2026-05-20]]
[2026-05-20 05-48] [http-nio-8080-exec-6] [TRACE] [bind] - [binding parameter (3:VARCHAR) <- [fuck myself everyday]]
[2026-05-20 05-48] [http-nio-8080-exec-6] [TRACE] [bind] - [binding parameter (4:UUID) <- [ec1a3cdc-217e-4120-9138-d5057641ecff]]
[2026-05-20 05-48] [http-nio-8080-exec-6] [INFO ] [DailyPlanService] - [Flushed data in DB after update]
[2026-05-20 05-48] [http-nio-8080-exec-6] [INFO ] [DailyPlanService] - [Return full DTO [ec1a3cdc-217e-4120-9138-d5057641ecff] with text [fuck myself everyday], flag [null]]
[2026-05-20 05-49] [http-nio-8080-exec-7] [INFO ] [DailyPlanController] - [Entered endpoint [daily/main]]
[2026-05-20 05-49] [http-nio-8080-exec-7] [DEBUG] [SQL] - [select ge1_0.id,ge1_0.done_flag,ge1_0.goal_date,ge1_0.goal_text from daily_goals ge1_0 where ge1_0.done_flag=?]
[2026-05-20 05-49] [http-nio-8080-exec-7] [TRACE] [bind] - [binding parameter (1:BOOLEAN) <- [false]]
[2026-05-20 05-49] [http-nio-8080-exec-7] [INFO ] [DailyPlanService] - [Return list of ACTIVE goals in size [0]]
[2026-05-20 05-49] [http-nio-8080-exec-7] [DEBUG] [SQL] - [select ge1_0.id,ge1_0.done_flag,ge1_0.goal_date,ge1_0.goal_text from daily_goals ge1_0 where ge1_0.done_flag=?]
[2026-05-20 05-49] [http-nio-8080-exec-7] [TRACE] [bind] - [binding parameter (1:BOOLEAN) <- [true]]
[2026-05-20 05-49] [http-nio-8080-exec-7] [INFO ] [DailyPlanService] - [Return list of ACCOMPLISHED goals in size [0]]
[2026-05-20 05-49] [http-nio-8080-exec-7] [DEBUG] [SQL] - [select ge1_0.id,ge1_0.done_flag,ge1_0.goal_date,ge1_0.goal_text from daily_goals ge1_0 where ge1_0.done_flag=?]
[2026-05-20 05-49] [http-nio-8080-exec-7] [TRACE] [bind] - [binding parameter (1:BOOLEAN) <- [false]]
[2026-05-20 05-49] [http-nio-8080-exec-7] [INFO ] [DailyPlanService] - [Return list of ACTIVE goals in size [0]]
[2026-05-20 05-49] [http-nio-8080-exec-5] [DEBUG] [SQL] - [select ge1_0.id,ge1_0.done_flag,ge1_0.goal_date,ge1_0.goal_text from daily_goals ge1_0 where ge1_0.done_flag=?]
[2026-05-20 05-49] [http-nio-8080-exec-5] [TRACE] [bind] - [binding parameter (1:BOOLEAN) <- [true]]
[2026-05-20 05-49] [http-nio-8080-exec-5] [INFO ] [DailyPlanService] - [Return list of ACCOMPLISHED goals in size [0]]
[2026-05-20 05-50] [http-nio-8080-exec-10] [WARN ] [ExceptionHandlerExceptionResolver] - [Resolved [org.springframework.web.servlet.resource.NoResourceFoundException: No static resource favicon.ico.]]
[2026-05-20 05-50] [http-nio-8080-exec-8] [INFO ] [DailyPlanController] - [Entered endpoint [daily/error]]
[2026-05-20 05-50] [http-nio-8080-exec-6] [WARN ] [ExceptionHandlerExceptionResolver] - [Resolved [org.springframework.web.servlet.resource.NoResourceFoundException: No static resource favicon.ico.]]
[2026-05-20 05-50] [http-nio-8080-exec-2] [INFO ] [DailyPlanController] - [Entered endpoint [daily/error]]
[2026-05-20 05-50] [http-nio-8080-exec-3] [WARN ] [ExceptionHandlerExceptionResolver] - [Resolved [org.springframework.web.servlet.resource.NoResourceFoundException: No static resource actuator/status.]]
[2026-05-20 05-50] [http-nio-8080-exec-7] [INFO ] [DailyPlanController] - [Entered endpoint [daily/error]]
[2026-05-20 05-50] [http-nio-8080-exec-5] [INFO ] [DailyPlanController] - [Entered endpoint [daily/main]]
[2026-05-20 05-50] [http-nio-8080-exec-5] [DEBUG] [SQL] - [select ge1_0.id,ge1_0.done_flag,ge1_0.goal_date,ge1_0.goal_text from daily_goals ge1_0 where ge1_0.done_flag=?]
[2026-05-20 05-50] [http-nio-8080-exec-5] [TRACE] [bind] - [binding parameter (1:BOOLEAN) <- [false]]
[2026-05-20 05-50] [http-nio-8080-exec-5] [INFO ] [DailyPlanService] - [Return list of ACTIVE goals in size [0]]
[2026-05-20 05-50] [http-nio-8080-exec-5] [DEBUG] [SQL] - [select ge1_0.id,ge1_0.done_flag,ge1_0.goal_date,ge1_0.goal_text from daily_goals ge1_0 where ge1_0.done_flag=?]
[2026-05-20 05-50] [http-nio-8080-exec-5] [TRACE] [bind] - [binding parameter (1:BOOLEAN) <- [true]]
[2026-05-20 05-50] [http-nio-8080-exec-5] [INFO ] [DailyPlanService] - [Return list of ACCOMPLISHED goals in size [0]]
[2026-05-20 05-50] [http-nio-8080-exec-2] [DEBUG] [SQL] - [select ge1_0.id,ge1_0.done_flag,ge1_0.goal_date,ge1_0.goal_text from daily_goals ge1_0 where ge1_0.done_flag=?]
[2026-05-20 05-50] [http-nio-8080-exec-2] [TRACE] [bind] - [binding parameter (1:BOOLEAN) <- [false]]
[2026-05-20 05-50] [http-nio-8080-exec-2] [INFO ] [DailyPlanService] - [Return list of ACTIVE goals in size [0]]
[2026-05-20 05-50] [http-nio-8080-exec-3] [DEBUG] [SQL] - [select ge1_0.id,ge1_0.done_flag,ge1_0.goal_date,ge1_0.goal_text from daily_goals ge1_0 where ge1_0.done_flag=?]
[2026-05-20 05-50] [http-nio-8080-exec-3] [TRACE] [bind] - [binding parameter (1:BOOLEAN) <- [true]]
[2026-05-20 05-50] [http-nio-8080-exec-3] [INFO ] [DailyPlanService] - [Return list of ACCOMPLISHED goals in size [0]]
[2026-05-20 05-50] [http-nio-8080-exec-2] [INFO ] [AbstractOpenApiResource] - [Init duration for springdoc-openapi is: 131 ms]
[2026-05-20 05-51] [http-nio-8080-exec-7] [DEBUG] [SQL] - [select ge1_0.id,ge1_0.done_flag,ge1_0.goal_date,ge1_0.goal_text from daily_goals ge1_0 where ge1_0.done_flag=?]
[2026-05-20 05-51] [http-nio-8080-exec-7] [TRACE] [bind] - [binding parameter (1:BOOLEAN) <- [true]]
[2026-05-20 05-51] [http-nio-8080-exec-7] [INFO ] [DailyPlanService] - [Return list of ACCOMPLISHED goals in size [0]]
[2026-05-20 05-51] [http-nio-8080-exec-5] [DEBUG] [SQL] - [select ge1_0.id,ge1_0.done_flag,ge1_0.goal_date,ge1_0.goal_text from daily_goals ge1_0 where ge1_0.done_flag=?]
[2026-05-20 05-51] [http-nio-8080-exec-5] [TRACE] [bind] - [binding parameter (1:BOOLEAN) <- [false]]
[2026-05-20 05-51] [http-nio-8080-exec-5] [INFO ] [DailyPlanService] - [Return list of ACTIVE goals in size [0]]
[2026-05-20 05-51] [http-nio-8080-exec-4] [DEBUG] [SQL] - [select ge1_0.id,ge1_0.done_flag,ge1_0.goal_date,ge1_0.goal_text from daily_goals ge1_0 where ge1_0.done_flag=?]
[2026-05-20 05-51] [http-nio-8080-exec-4] [TRACE] [bind] - [binding parameter (1:BOOLEAN) <- [true]]
[2026-05-20 05-51] [http-nio-8080-exec-4] [INFO ] [DailyPlanService] - [Return list of ACCOMPLISHED goals in size [0]]
[2026-05-20 05-51] [http-nio-8080-exec-10] [DEBUG] [SQL] - [select ge1_0.id,ge1_0.done_flag,ge1_0.goal_date,ge1_0.goal_text from daily_goals ge1_0 where ge1_0.done_flag=?]
[2026-05-20 05-51] [http-nio-8080-exec-10] [TRACE] [bind] - [binding parameter (1:BOOLEAN) <- [false]]
[2026-05-20 05-51] [http-nio-8080-exec-10] [INFO ] [DailyPlanService] - [Return list of ACTIVE goals in size [0]]
[2026-05-20 05-52] [http-nio-8080-exec-2] [DEBUG] [SQL] - [select ge1_0.id,ge1_0.done_flag,ge1_0.goal_date,ge1_0.goal_text from daily_goals ge1_0 where ge1_0.done_flag=?]
[2026-05-20 05-52] [http-nio-8080-exec-2] [TRACE] [bind] - [binding parameter (1:BOOLEAN) <- [false]]
[2026-05-20 05-52] [http-nio-8080-exec-2] [INFO ] [DailyPlanService] - [Return list of ACTIVE goals in size [0]]
[2026-05-20 05-52] [http-nio-8080-exec-3] [DEBUG] [SQL] - [select ge1_0.id,ge1_0.done_flag,ge1_0.goal_date,ge1_0.goal_text from daily_goals ge1_0 where ge1_0.done_flag=?]
[2026-05-20 05-52] [http-nio-8080-exec-3] [TRACE] [bind] - [binding parameter (1:BOOLEAN) <- [true]]
[2026-05-20 05-52] [http-nio-8080-exec-3] [INFO ] [DailyPlanService] - [Return list of ACCOMPLISHED goals in size [0]]
[2026-05-20 05-53] [http-nio-8080-exec-5] [DEBUG] [SQL] - [select ge1_0.id,ge1_0.done_flag,ge1_0.goal_date,ge1_0.goal_text from daily_goals ge1_0 where ge1_0.done_flag=?]
[2026-05-20 05-53] [http-nio-8080-exec-5] [TRACE] [bind] - [binding parameter (1:BOOLEAN) <- [false]]
[2026-05-20 05-53] [http-nio-8080-exec-5] [INFO ] [DailyPlanService] - [Return list of ACTIVE goals in size [0]]
[2026-05-20 05-53] [http-nio-8080-exec-4] [DEBUG] [SQL] - [select ge1_0.id,ge1_0.done_flag,ge1_0.goal_date,ge1_0.goal_text from daily_goals ge1_0 where ge1_0.done_flag=?]
[2026-05-20 05-53] [http-nio-8080-exec-4] [TRACE] [bind] - [binding parameter (1:BOOLEAN) <- [true]]
[2026-05-20 05-53] [http-nio-8080-exec-4] [INFO ] [DailyPlanService] - [Return list of ACCOMPLISHED goals in size [0]]
[2026-05-20 05-54] [SpringApplicationShutdownHook] [INFO ] [LocalContainerEntityManagerFactoryBean] - [Closing JPA EntityManagerFactory for persistence unit 'default']
[2026-05-20 05-54] [SpringApplicationShutdownHook] [INFO ] [HikariDataSource] - [HikariPool-1 - Shutdown initiated...]
[2026-05-20 05-54] [SpringApplicationShutdownHook] [INFO ] [HikariDataSource] - [HikariPool-1 - Shutdown completed.]
